
> adotzee-student-frontend@0.1.0 build
> next build

▲ Next.js 16.1.6 (Turbopack)

  Creating an optimized production build ...
node.exe : 
At C:\Program Files\n
odejs\npm.ps1:29 
char:3
+   & $NODE_EXE 
$NPM_CLI_JS $args
+   ~~~~~~~~~~~~~~~~~
~~~~~~~~~~~~
    + CategoryInfo   
           : 
NotSpecified:     
(:String) [], Remote 
   Exception
    + 
FullyQualifiedErro   
 rId : 
NativeCommandE    
rror
 
> Build error 
occurred
Error: Turbopack 
build failed with 5 
errors:
./components/cards/Ad
donCard.tsx:6:1
Module not found: 
Can't resolve '@/comp
onents/ui/badge'
[0m [90m 4 |[39m 
[36mimport[39m { [
33mAddonCourse[39m 
} [36mfrom[39m [32
m"@/types"[39m[33m;
[39m
 [90m 5 |[39m 
[36mimport[39m { [
33mCard[39m[33m,[3
9m [33mCardContent[
39m } [36mfrom[39m 
[32m"@/components/ui
/card"[39m[33m;[39
m
[31m[1m>[22m[39m
[90m 6 |[39m 
[36mimport[39m { 
[33mBadge[39m } 
[36mfrom[39m [32m"
@/components/ui/badge
"[39m[33m;[39m
 [90m   |[39m [31m
[1m^[22m[39m[31m
[1m^[22m[39m[31m[
1m^[22m[39m[31m[1
m^[22m[39m[31m[1m
^[22m[39m[31m[1m^
[22m[39m[31m[1m^
[22m[39m[31m[1m^[
22m[39m[31m[1m^[2
2m[39m[31m[1m^[22
m[39m[31m[1m^[22m
[39m[31m[1m^[22m
[39m[31m[1m^[22m[
39m[31m[1m^[22m[3
9m[31m[1m^[22m[39
m[31m[1m^[22m[39m
[31m[1m^[22m[39m
[31m[1m^[22m[39m[
31m[1m^[22m[39m[3
1m[1m^[22m[39m[31
m[1m^[22m[39m[31m
[1m^[22m[39m[31m
[1m^[22m[39m[31m[
1m^[22m[39m[31m[1
m^[22m[39m[31m[1m
^[22m[39m[31m[1m^
[22m[39m[31m[1m^
[22m[39m[31m[1m^[
22m[39m[31m[1m^[2
2m[39m[31m[1m^[22
m[39m[31m[1m^[22m
[39m[31m[1m^[22m
[39m[31m[1m^[22m[
39m[31m[1m^[22m[3
9m[31m[1m^[22m[39
m[31m[1m^[22m[39m
[31m[1m^[22m[39m
[31m[1m^[22m[39m[
31m[1m^[22m[39m[3
1m[1m^[22m[39m[31
m[1m^[22m[39m[31m
[1m^[22m[39m[31m
[1m^[22m[39m[31m[
1m^[22m[39m[31m[1
m^[22m[39m
 [90m 7 |[39m 
[36mimport[39m { [
33mAward[39m[33m,[
39m [33mClock[39m[
33m,[39m [33mIndian
Rupee[39m } 
[36mfrom[39m [32m"
lucide-react"[39m[3
3m;[39m
 [90m 8 |[39m 
[36mimport[39m { 
[33mButton[39m } 
[36mfrom[39m [32m"
@/components/ui/butto
n"[39m[33m;[39m
 [90m 9 |[39m 
[36mimport[39m { 
useUiStore } 
[36mfrom[39m [32m"
@/store/useUiStore"[
39m[33m;[39m[0m

Import map: aliased 
to relative './compon
ents/ui/badge' 
inside of [project]/


Import traces:
  Server Component:
    ./components/card
s/AddonCard.tsx
    ./app/page.tsx

  Client Component 
Browser:
    ./components/card
s/AddonCard.tsx 
[Client Component 
Browser]
    ./app/addons/page
.tsx [Client 
Component Browser]
    ./app/addons/page
.tsx [Server 
Component]

  Client Component 
SSR:
    ./components/card
s/AddonCard.tsx 
[Client Component 
SSR]
    ./app/addons/page
.tsx [Client 
Component SSR]
    ./app/addons/page
.tsx [Server 
Component]

https://nextjs.org/do
cs/messages/module-no
t-found


./components/cards/Co
llegeCard.tsx:6:1
Module not found: 
Can't resolve '@/comp
onents/ui/badge'
[0m [90m 4 |[39m 
[36mimport[39m { 
[33mCollege[39m } 
[36mfrom[39m [32m"
@/types"[39m[33m;[
39m
 [90m 5 |[39m 
[36mimport[39m { [
33mCard[39m[33m,[3
9m [33mCardContent[
39m } [36mfrom[39m 
[32m"@/components/ui
/card"[39m[33m;[39
m
[31m[1m>[22m[39m
[90m 6 |[39m 
[36mimport[39m { 
[33mBadge[39m } 
[36mfrom[39m [32m"
@/components/ui/badge
"[39m[33m;[39m
 [90m   |[39m [31m
[1m^[22m[39m[31m
[1m^[22m[39m[31m[
1m^[22m[39m[31m[1
m^[22m[39m[31m[1m
^[22m[39m[31m[1m^
[22m[39m[31m[1m^
[22m[39m[31m[1m^[
22m[39m[31m[1m^[2
2m[39m[31m[1m^[22
m[39m[31m[1m^[22m
[39m[31m[1m^[22m
[39m[31m[1m^[22m[
39m[31m[1m^[22m[3
9m[31m[1m^[22m[39
m[31m[1m^[22m[39m
[31m[1m^[22m[39m
[31m[1m^[22m[39m[
31m[1m^[22m[39m[3
1m[1m^[22m[39m[31
m[1m^[22m[39m[31m
[1m^[22m[39m[31m
[1m^[22m[39m[31m[
1m^[22m[39m[31m[1
m^[22m[39m[31m[1m
^[22m[39m[31m[1m^
[22m[39m[31m[1m^
[22m[39m[31m[1m^[
22m[39m[31m[1m^[2
2m[39m[31m[1m^[22
m[39m[31m[1m^[22m
[39m[31m[1m^[22m
[39m[31m[1m^[22m[
39m[31m[1m^[22m[3
9m[31m[1m^[22m[39
m[31m[1m^[22m[39m
[31m[1m^[22m[39m
[31m[1m^[22m[39m[
31m[1m^[22m[39m[3
1m[1m^[22m[39m[31
m[1m^[22m[39m[31m
[1m^[22m[39m[31m
[1m^[22m[39m[31m[
1m^[22m[39m[31m[1
m^[22m[39m
 [90m 7 |[39m 
[36mimport[39m { [
33mMapPin[39m[33m,
[39m [33mBuilding[3
9m[33m,[39m 
[33mStar[39m } 
[36mfrom[39m [32m"
lucide-react"[39m[3
3m;[39m
 [90m 8 |[39m 
[36mimport[39m 
[33mLink[39m 
[36mfrom[39m [32m"
next/link"[39m[33m;
[39m
 [90m 9 |[39m 
[36mimport[39m { 
[33mButton[39m } 
[36mfrom[39m [32m"
@/components/ui/butto
n"[39m[33m;[39m[0
m

Import map: aliased 
to relative './compon
ents/ui/badge' 
inside of [project]/


Import traces:
  Server Component:
    ./components/card
s/CollegeCard.tsx
    ./app/page.tsx

  Client Component 
Browser:
    ./components/card
s/CollegeCard.tsx 
[Client Component 
Browser]
    ./app/search/page
.tsx [Client 
Component Browser]
    ./app/search/page
.tsx [Server 
Component]

  Client Component 
SSR:
    ./components/card
s/CollegeCard.tsx 
[Client Component 
SSR]
    ./app/search/page
.tsx [Client 
Component SSR]
    ./app/search/page
.tsx [Server 
Component]

https://nextjs.org/do
cs/messages/module-no
t-found


./components/cards/Co
urseCard.tsx:6:1
Module not found: 
Can't resolve '@/comp
onents/ui/badge'
[0m [90m 4 |[39m 
[36mimport[39m { 
[33mCourse[39m } 
[36mfrom[39m [32m"
@/types"[39m[33m;[
39m
 [90m 5 |[39m 
[36mimport[39m { [
33mCard[39m[33m,[3
9m [33mCardContent[
39m[33m,[39m 
[33mCardFooter[39m 
} [36mfrom[39m [32
m"@/components/ui/car
d"[39m[33m;[39m
[31m[1m>[22m[39m
[90m 6 |[39m 
[36mimport[39m { 
[33mBadge[39m } 
[36mfrom[39m [32m"
@/components/ui/badge
"[39m[33m;[39m
 [90m   |[39m [31m
[1m^[22m[39m[31m
[1m^[22m[39m[31m[
1m^[22m[39m[31m[1
m^[22m[39m[31m[1m
^[22m[39m[31m[1m^
[22m[39m[31m[1m^
[22m[39m[31m[1m^[
22m[39m[31m[1m^[2
2m[39m[31m[1m^[22
m[39m[31m[1m^[22m
[39m[31m[1m^[22m
[39m[31m[1m^[22m[
39m[31m[1m^[22m[3
9m[31m[1m^[22m[39
m[31m[1m^[22m[39m
[31m[1m^[22m[39m
[31m[1m^[22m[39m[
31m[1m^[22m[39m[3
1m[1m^[22m[39m[31
m[1m^[22m[39m[31m
[1m^[22m[39m[31m
[1m^[22m[39m[31m[
1m^[22m[39m[31m[1
m^[22m[39m[31m[1m
^[22m[39m[31m[1m^
[22m[39m[31m[1m^
[22m[39m[31m[1m^[
22m[39m[31m[1m^[2
2m[39m[31m[1m^[22
m[39m[31m[1m^[22m
[39m[31m[1m^[22m
[39m[31m[1m^[22m[
39m[31m[1m^[22m[3
9m[31m[1m^[22m[39
m[31m[1m^[22m[39m
[31m[1m^[22m[39m
[31m[1m^[22m[39m[
31m[1m^[22m[39m[3
1m[1m^[22m[39m[31
m[1m^[22m[39m[31m
[1m^[22m[39m[31m
[1m^[22m[39m[31m[
1m^[22m[39m[31m[1
m^[22m[39m
 [90m 7 |[39m 
[36mimport[39m { [
33mGraduationCap[39m
[33m,[39m [33mCloc
k[39m[33m,[39m 
[33mArrowRight[39m 
} [36mfrom[39m [32
m"lucide-react"[39m
[33m;[39m
 [90m 8 |[39m 
[36mimport[39m 
[33mLink[39m 
[36mfrom[39m [32m"
next/link"[39m[33m;
[39m
 [90m 9 |[39m 
[36mimport[39m { 
[33mButton[39m } 
[36mfrom[39m [32m"
@/components/ui/butto
n"[39m[33m;[39m[0
m

Import map: aliased 
to relative './compon
ents/ui/badge' 
inside of [project]/


Import traces:
  Server Component:
    ./components/card
s/CourseCard.tsx
    ./app/page.tsx

  Client Component 
Browser:
    ./components/card
s/CourseCard.tsx 
[Client Component 
Browser]
    ./app/search/page
.tsx [Client 
Component Browser]
    ./app/search/page
.tsx [Server 
Component]

  Client Component 
SSR:
    ./components/card
s/CourseCard.tsx 
[Client Component 
SSR]
    ./app/search/page
.tsx [Client 
Component SSR]
    ./app/search/page
.tsx [Server 
Component]

https://nextjs.org/do
cs/messages/module-no
t-found


./components/shared/L
eadFormModal.tsx:14:1
Module not found: 
Can't resolve '@/comp
onents/ui/form'
[0m [90m 12 |[39m 
    [33mDialogTitle
[39m[33m,[39m
 [90m 13 |[39m } 
[36mfrom[39m [32m"
@/components/ui/dialo
g"[39m[33m;[39m
[31m[1m>[22m[39m
[90m 14 |[39m 
[36mimport[39m {
 [90m    |[39m [31
m[1m^[22m[39m[31m
[1m^[22m[39m[31m
[1m^[22m[39m[31m[
1m^[22m[39m[31m[1
m^[22m[39m[31m[1m
^[22m[39m[31m[1m^
[22m[39m[31m[1m^
[22m[39m
[31m[1m>[22m[39m
[90m 15 |[39m     [
33mForm[39m[33m,[3
9m
 [90m    |[39m [31
m[1m^[22m[39m[31m
[1m^[22m[39m[31m
[1m^[22m[39m[31m[
1m^[22m[39m[31m[1
m^[22m[39m[31m[1m
^[22m[39m[31m[1m^
[22m[39m[31m[1m^
[22m[39m[31m[1m^[
22m[39m
[31m[1m>[22m[39m
[90m 16 |[39m     [
33mFormControl[39m[
33m,[39m
 [90m    |[39m [31
m[1m^[22m[39m[31m
[1m^[22m[39m[31m
[1m^[22m[39m[31m[
1m^[22m[39m[31m[1
m^[22m[39m[31m[1m
^[22m[39m[31m[1m^
[22m[39m[31m[1m^
[22m[39m[31m[1m^[
22m[39m
[31m[1m>[22m[39m
[90m 17 |[39m     [
33mFormField[39m[33
m,[39m
 [90m    |[39m [31
m[1m^[22m[39m[31m
[1m^[22m[39m[31m
[1m^[22m[39m[31m[
1m^[22m[39m[31m[1
m^[22m[39m[31m[1m
^[22m[39m[31m[1m^
[22m[39m[31m[1m^
[22m[39m[31m[1m^[
22m[39m
[31m[1m>[22m[39m
[90m 18 |[39m     [
33mFormItem[39m[33m
,[39m
 [90m    |[39m [31
m[1m^[22m[39m[31m
[1m^[22m[39m[31m
[1m^[22m[39m[31m[
1m^[22m[39m[31m[1
m^[22m[39m[31m[1m
^[22m[39m[31m[1m^
[22m[39m[31m[1m^
[22m[39m[31m[1m^[
22m[39m
[31m[1m>[22m[39m
[90m 19 |[39m     [
33mFormLabel[39m[33
m,[39m
 [90m    |[39m [31
m[1m^[22m[39m[31m
[1m^[22m[39m[31m
[1m^[22m[39m[31m[
1m^[22m[39m[31m[1
m^[22m[39m[31m[1m
^[22m[39m[31m[1m^
[22m[39m[31m[1m^
[22m[39m[31m[1m^[
22m[39m
[31m[1m>[22m[39m
[90m 20 |[39m     [
33mFormMessage[39m[
33m,[39m
 [90m    |[39m [31
m[1m^[22m[39m[31m
[1m^[22m[39m[31m
[1m^[22m[39m[31m[
1m^[22m[39m[31m[1
m^[22m[39m[31m[1m
^[22m[39m[31m[1m^
[22m[39m[31m[1m^
[22m[39m[31m[1m^[
22m[39m
[31m[1m>[22m[39m
[90m 21 |[39m } 
[36mfrom[39m [32m"
@/components/ui/form"
[39m[33m;[39m
 [90m    |[39m [31
m[1m^[22m[39m[31m
[1m^[22m[39m[31m
[1m^[22m[39m[31m[
1m^[22m[39m[31m[1
m^[22m[39m[31m[1m
^[22m[39m[31m[1m^
[22m[39m[31m[1m^
[22m[39m[31m[1m^[
22m[39m[31m[1m^[2
2m[39m[31m[1m^[22
m[39m[31m[1m^[22m
[39m[31m[1m^[22m
[39m[31m[1m^[22m[
39m[31m[1m^[22m[3
9m[31m[1m^[22m[39
m[31m[1m^[22m[39m
[31m[1m^[22m[39m
[31m[1m^[22m[39m[
31m[1m^[22m[39m[3
1m[1m^[22m[39m[31
m[1m^[22m[39m[31m
[1m^[22m[39m[31m
[1m^[22m[39m[31m[
1m^[22m[39m[31m[1
m^[22m[39m[31m[1m
^[22m[39m[31m[1m^
[22m[39m[31m[1m^
[22m[39m[31m[1m^[
22m[39m[31m[1m^[2
2m[39m
 [90m 22 |[39m 
[36mimport[39m { 
[33mInput[39m } 
[36mfrom[39m [32m"
@/components/ui/input
"[39m[33m;[39m
 [90m 23 |[39m 
[36mimport[39m { 
[33mButton[39m } 
[36mfrom[39m [32m"
@/components/ui/butto
n"[39m[33m;[39m
 [90m 24 |[39m 
[36mimport[39m { 
[33mTextarea[39m } 
[36mfrom[39m [32m"
@/components/ui/texta
rea"[39m[33m;[39m
[0m

Import map: aliased 
to relative './compon
ents/ui/form' inside 
of [project]/


Import trace:
  Server Component:
    ./components/shar
ed/LeadFormModal.tsx
    ./app/layout.tsx

https://nextjs.org/do
cs/messages/module-no
t-found


./app/recommendations
/page.tsx:9:1
Module not found: 
Can't resolve '@/comp
onents/ui/radio-group
'
[0m [90m  7 |[39m 
[36mimport[39m { 
[33mInput[39m } 
[36mfrom[39m [32m"
@/components/ui/input
"[39m[33m;[39m
 [90m  8 |[39m 
[36mimport[39m { 
[33mLabel[39m } 
[36mfrom[39m [32m"
@/components/ui/label
"[39m[33m;[39m
[31m[1m>[22m[39m
[90m  9 |[39m 
[36mimport[39m { [
33mRadioGroup[39m[3
3m,[39m [33mRadioGr
oupItem[39m } 
[36mfrom[39m [32m"
@/components/ui/radio
-group"[39m[33m;[3
9m
 [90m    |[39m [31
m[1m^[22m[39m[31m
[1m^[22m[39m[31m
[1m^[22m[39m[31m[
1m^[22m[39m[31m[1
m^[22m[39m[31m[1m
^[22m[39m[31m[1m^
[22m[39m[31m[1m^
[22m[39m[31m[1m^[
22m[39m[31m[1m^[2
2m[39m[31m[1m^[22
m[39m[31m[1m^[22m
[39m[31m[1m^[22m
[39m[31m[1m^[22m[
39m[31m[1m^[22m[3
9m[31m[1m^[22m[39
m[31m[1m^[22m[39m
[31m[1m^[22m[39m
[31m[1m^[22m[39m[
31m[1m^[22m[39m[3
1m[1m^[22m[39m[31
m[1m^[22m[39m[31m
[1m^[22m[39m[31m
[1m^[22m[39m[31m[
1m^[22m[39m[31m[1
m^[22m[39m[31m[1m
^[22m[39m[31m[1m^
[22m[39m[31m[1m^
[22m[39m[31m[1m^[
22m[39m[31m[1m^[2
2m[39m[31m[1m^[22
m[39m[31m[1m^[22m
[39m[31m[1m^[22m
[39m[31m[1m^[22m[
39m[31m[1m^[22m[3
9m[31m[1m^[22m[39
m[31m[1m^[22m[39m
[31m[1m^[22m[39m
[31m[1m^[22m[39m[
31m[1m^[22m[39m[3
1m[1m^[22m[39m[31
m[1m^[22m[39m[31m
[1m^[22m[39m[31m
[1m^[22m[39m[31m[
1m^[22m[39m[31m[1
m^[22m[39m[31m[1m
^[22m[39m[31m[1m^
[22m[39m[31m[1m^
[22m[39m[31m[1m^[
22m[39m[31m[1m^[2
2m[39m[31m[1m^[22
m[39m[31m[1m^[22m
[39m[31m[1m^[22m
[39m[31m[1m^[22m[
39m[31m[1m^[22m[3
9m[31m[1m^[22m[39
m[31m[1m^[22m[39m
[31m[1m^[22m[39m
[31m[1m^[22m[39m[
31m[1m^[22m[39m[3
1m[1m^[22m[39m[31
m[1m^[22m[39m[31m
[1m^[22m[39m[31m
[1m^[22m[39m[31m[
1m^[22m[39m[31m[1
m^[22m[39m[31m[1m
^[22m[39m[31m[1m^
[22m[39m[31m[1m^
[22m[39m[31m[1m^[
22m[39m[31m[1m^[2
2m[39m
 [90m 10 |[39m 
[36mimport[39m { 
[33mCourseCard[39m 
} [36mfrom[39m [32
m"@/components/cards/
CourseCard"[39m[33m
;[39m
 [90m 11 |[39m 
[36mimport[39m { [
33mCourse[39m[33m,
[39m 
[33mCollege[39m } 
[36mfrom[39m [32m"
@/types"[39m[33m;[
39m
 [90m 12 |[39m 
[36mimport[39m { [
33mCollegeCard[39m 
} [36mfrom[39m [32
m"@/components/cards/
CollegeCard"[39m[33
m;[39m[0m

Import map: aliased 
to relative './compon
ents/ui/radio-group' 
inside of [project]/


Import traces:
  Client Component 
Browser:
    ./app/recommendat
ions/page.tsx 
[Client Component 
Browser]
    ./app/recommendat
ions/page.tsx 
[Server Component]

  Client Component 
SSR:
    ./app/recommendat
ions/page.tsx 
[Client Component 
SSR]
    ./app/recommendat
ions/page.tsx 
[Server Component]

https://nextjs.org/do
cs/messages/module-no
t-found


    at <unknown> (./c
omponents/cards/Addon
Card.tsx:6:1)
    at <unknown> (htt
ps://nextjs.org/docs/
messages/module-not-f
ound)
    at <unknown> (./c
omponents/cards/Colle
geCard.tsx:6:1)
    at <unknown> (htt
ps://nextjs.org/docs/
messages/module-not-f
ound)
    at <unknown> (./c
omponents/cards/Cours
eCard.tsx:6:1)
    at <unknown> (htt
ps://nextjs.org/docs/
messages/module-not-f
ound)
    at <unknown> (./c
omponents/shared/Lead
FormModal.tsx:14:1)
    at <unknown> (htt
ps://nextjs.org/docs/
messages/module-not-f
ound)
    at <unknown> (./a
pp/recommendations/pa
ge.tsx:9:1)
    at <unknown> (htt
ps://nextjs.org/docs/
messages/module-not-f
ound)
